
> nextn@0.1.0 build
> next build

node.exe :  ΓÜá Warning: Next.js inferred your 
workspace root, but it may not be correct.
At C:\Program Files\nodejs\npm.ps1:29 char:3
+   & $NODE_EXE $NPM_CLI_JS $args
+   ~~~~~~~~~~~~~~~~~~~~~~~~~~~~~
    + CategoryInfo          : NotSpecified: ( ΓÜá W 
   arning: N...not be correct.:String) [], RemoteE  
  xception
    + FullyQualifiedErrorId : NativeCommandError
 
 We detected multiple lockfiles and selected the 
directory of 
D:\projects\helthbridge-ai\package-lock.json as the 
root directory.
 To silence this warning, set 
`outputFileTracingRoot` in your Next.js config, or 
consider removing one of the lockfiles if it's not 
needed.
   See https://nextjs.org/docs/app/api-reference/con
fig/next-config-js/output#caveats for more 
information.
 Detected additional lockfiles: 
   * D:\projects\helthbridge-ai\frontend\package-loc
k.json

   Γû▓ Next.js 15.5.9
   - Environments: .env.local

   Creating an optimized production build ...
 Γ£ô Compiled successfully in 5.8s
   Linting and checking validity of types ...
Failed to compile.

./src/app/asha/dashboard/page.tsx:211:8
Type error: JSX element type 'Icon' does not have 
any construct or call signatures.

[0m [90m 209 |[39m     
[33m<[39m[33mCardHeader[39m 
className[33m=[39m[32m"flex flex-row 
items-center justify-between pb-2"[39m[33m>[39m
 [90m 210 |[39m       
[33m<[39m[33mCardTitle[39m 
className[33m=[39m[32m"text-sm font-medium"[39m
[33m>[39m{title}[33m<[39m[33m/[39m[33mCardTitl
e[39m[33m>[39m
[31m[1m>[22m[39m[90m 211 |[39m       
[33m<[39m[33mIcon[39m 
className[33m=[39m[32m"h-4 w-4 
text-muted-foreground"[39m [33m/[39m[33m>[39m
 [90m     |[39m        [31m[1m^[22m[39m
 [90m 212 |[39m     [33m<[39m[33m/[39m[33mCar
dHeader[39m[33m>[39m
 [90m 213 |[39m     
[33m<[39m[33mCardContent[39m[33m>[39m
 [90m 214 |[39m       [33m<[39m[33mdiv[39m 
className[33m=[39m[32m"text-2xl font-bold"[39m[
33m>[39m{value}[33m<[39m[33m/[39m[33mdiv[39m
[33m>[39m[0m
Next.js build worker exited with code: 1 and 
signal: null
