src/app/asha/dashboard/page.tsx(211,8): error TS2604: JSX element type 'Icon' does not have any construct or call signatures.
src/app/asha/dashboard/page.tsx(211,8): error TS2786: 'Icon' cannot be used as a JSX component.
  Its type 'ElementType<any, keyof IntrinsicElements>' is not a valid JSX element type.
    Type 'number' is not assignable to type 'ElementType'.
src/app/asha/dashboard/page.tsx(336,51): error TS2322: Type 'string' is not assignable to type '"secondary" | "default" | "destructive" | "outline"'.
src/app/asha/dashboard/page.tsx(356,40): error TS2322: Type 'string' is not assignable to type '"secondary" | "default" | "destructive" | "outline"'.
src/app/asha/dashboard/page.tsx(595,44): error TS2322: Type 'string' is not assignable to type '"secondary" | "default" | "destructive" | "outline"'.
src/app/asha/dashboard/page.tsx(655,60): error TS2322: Type 'string' is not assignable to type '"secondary" | "default" | "destructive" | "outline"'.
src/app/asha/dashboard/page.tsx(698,76): error TS2322: Type 'string' is not assignable to type '"secondary" | "default" | "destructive" | "outline"'.
src/app/asha/dashboard/page.tsx(759,30): error TS2322: Type '"ASHA Worker"' is not assignable to type 'Role'.
src/app/clinical/dashboard/page.tsx(237,14): error TS2604: JSX element type 'Icon' does not have any construct or call signatures.
src/app/clinical/dashboard/page.tsx(237,14): error TS2786: 'Icon' cannot be used as a JSX component.
  Its type 'ElementType<any, keyof IntrinsicElements>' is not a valid JSX element type.
    Type 'number' is not assignable to type 'ElementType'.
src/components/ui/alert-dialog.tsx(7,10): error TS2305: Module '"@/components/ui/button"' has no exported member 'buttonVariants'.
src/components/ui/calendar.tsx(8,10): error TS2305: Module '"@/components/ui/button"' has no exported member 'buttonVariants'.
src/components/ui/calendar.tsx(57,9): error TS2353: Object literal may only specify known properties, and 'IconLeft' does not exist in type 'Partial<CustomComponents>'.
src/components/ui/carousel.tsx(205,7): error TS2322: Type '{ children: Element[]; disabled: boolean; form?: string; formAction?: string | ((formData: FormData) => void | Promise<void>); formEncType?: string; formMethod?: string; ... 283 more ...; className: string; }' is not assignable to type 'IntrinsicAttributes & ButtonProps'.
  Property 'ref' does not exist on type 'IntrinsicAttributes & ButtonProps'.
src/components/ui/carousel.tsx(234,7): error TS2322: Type '{ children: Element[]; disabled: boolean; form?: string; formAction?: string | ((formData: FormData) => void | Promise<void>); formEncType?: string; formMethod?: string; ... 283 more ...; className: string; }' is not assignable to type 'IntrinsicAttributes & ButtonProps'.
  Property 'ref' does not exist on type 'IntrinsicAttributes & ButtonProps'.
src/components/ui/sidebar.tsx(270,7): error TS2322: Type '{ children: Element[]; variant: "link" | "secondary" | "destructive" | "default" | "outline" | "ghost"; size: "lg" | "sm" | "default" | "icon"; disabled?: boolean; form?: string; ... 285 more ...; onClick: (event: MouseEvent<...>) => void; }' is not assignable to type 'IntrinsicAttributes & ButtonProps'.
  Property 'ref' does not exist on type 'IntrinsicAttributes & ButtonProps'.
src/components/ui/sidebar.tsx(341,7): error TS2322: Type '{ accept?: string; alt?: string; autoComplete?: HTMLInputAutoCompleteAttribute; capture?: boolean | "user" | "environment"; checked?: boolean; disabled?: boolean; ... 302 more ...; className: string; }' is not assignable to type 'IntrinsicAttributes & InputProps'.
  Property 'ref' does not exist on type 'IntrinsicAttributes & InputProps'.
src/components/voice-assistant/VoiceInput.tsx(22,41): error TS2552: Cannot find name 'SpeechRecognition'. Did you mean 'getSpeechRecognition'?
src/components/voice-assistant/VoiceInput.tsx(40,33): error TS2304: Cannot find name 'SpeechRecognition'.
src/components/voice-assistant/VoiceInput.tsx(70,36): error TS2552: Cannot find name 'SpeechRecognitionEvent'. Did you mean 'SpeechRecognitionResult'?
src/components/voice-assistant/VoiceInput.tsx(101,35): error TS2552: Cannot find name 'SpeechRecognitionErrorEvent'. Did you mean 'SpeechRecognitionResult'?
src/test/setup.ts(11,36): error TS2304: Cannot find name 'vi'.
src/test/setup.ts(51,19): error TS2304: Cannot find name 'vi'.
src/types/index.ts(42,7): error TS2687: All declarations of 'NODE_ENV' must have identical modifiers.
